{
    "InstanceId": "i-0118e09cb11d73699",
    "Output": "UEFI firmware (version  built at 09:00:00 on Nov  1 2018)\r\n\u001b[2J\u001b[01;01H\u001b[=3h\u001b[2J\u001b[01;01H\u001b[2J\u001b[01;01H\u001b[=3h\u001b[2J\u001b[01;01H\u001b[2J\u001b[01;01H\u001b[=3h\u001b[2J\u001b[01;01H\u001b[0m\u001b[35m\u001b[40m\u001b[0m\u001b[37m\u001b[40mEFI stub: Booting Linux Kernel...\r\nEFI stub: ERROR: FIRMWARE BUG: kernel image not aligned on 64k boundary\r\nEFI stub: ERROR: FIRMWARE BUG: Image BSS overlaps adjacent EFI memory region\r\nEFI stub: Using DTB from configuration table\r\nEFI stub: Exiting boot services and installing virtual address map...\r\n[    0.000000] Booting Linux on physical CPU 0x0000000000 [0x413fd0c1]\r\n[    0.000000] Linux version 5.10.118 (builder@buildkitsandbox) (aarch64-bottlerocket-linux-gnu-gcc (Buildroot 2021.02.3) 10.3.0, GNU ld (GNU Binutils) 2.35.2) #1 SMP Mon Jul 18 17:42:48 UTC 2022\r\n[    0.000000] efi: EFI v2.70 by EDK II\r\n[    0.000000] efi: SMBIOS=0x7bed0000 SMBIOS 3.0=0x7beb0000 ACPI=0x786e0000 ACPI 2.0=0x786e0014 MEMATTR=0x7a6fca98 RNG=0x7bfdef98 MEMRESERVE=0x78504e18 \r\n[    0.000000] efi: seeding entropy pool\r\n[    0.000000] random: fast init done\r\n[    0.000000] ACPI: Early table checksum verification disabled\r\n[    0.000000] ACPI: RSDP 0x00000000786E0014 000024 (v02 AMAZON)\r\n[    0.000000] ACPI: XSDT 0x00000000786D00E8 000064 (v01 AMAZON AMZNFACP 00000001      01000013)\r\n[    0.000000] ACPI: FACP 0x00000000786B0000 000114 (v06 AMAZON AMZNFACP 00000001 AMZN 00000001)\r\n[    0.000000] ACPI: DSDT 0x0000000078640000 00154F (v03 AMAZON AMZNDSDT 00000001 INTL 20160527)\r\n[    0.000000] ACPI: APIC 0x00000000786C0000 0001A8 (v03 AMAZON AMZNAPIC 00000001 AMZN 00000001)\r\n[    0.000000] ACPI: SPCR 0x00000000786A0000 000050 (v02 AMAZON AMZNSPCR 00000001 AMZN 00000001)\r\n[    0.000000] ACPI: GTDT 0x0000000078690000 000060 (v02 AMAZON AMZNGTDT 00000001 AMZN 00000001)\r\n[    0.000000] ACPI: MCFG 0x0000000078680000 00003C (v02 AMAZON AMZNMCFG 00000001 AMZN 00000001)\r\n[    0.000000] ACPI: SLIT 0x0000000078670000 00002D (v01 AMAZON AMZNSLIT 00000001 AMZN 00000001)\r\n[    0.000000] ACPI: IORT 0x0000000078660000 000078 (v01 AMAZON AMZNIORT 00000001 AMZN 00000001)\r\n[    0.000000] ACPI: PPTT 0x0000000078650000 00010C (v02 AMAZON AMZNPPTT 00000001 AMZN 00000001)\r\n[    0.000000] ACPI: SPCR: console: uart,mmio,0x90a0000,115200\r\n[    0.000000] ACPI: NUMA: Failed to initialise from firmware\r\n[    0.000000] NUMA: Faking a node at [mem 0x0000000040000000-0x00000005b5ffffff]\r\n[    0.000000] NUMA: NODE_DATA [mem 0x5b504c100-0x5b504dfff]\r\n[    0.000000] Zone ranges:\r\n[    0.000000]   DMA      [mem 0x0000000040000000-0x00000000ffffffff]\r\n[    0.000000]   DMA32    empty\r\n[    0.000000]   Normal   [mem 0x0000000100000000-0x00000005b5ffffff]\r\n[    0.000000] Movable zone start for each node\r\n[    0.000000] Early memory node ranges\r\n[    0.000000]   node   0: [mem 0x0000000040000000-0x00000000786effff]\r\n[    0.000000]   node   0: [mem 0x00000000786f0000-0x000000007872ffff]\r\n[    0.000000]   node   0: [mem 0x0000000078730000-0x000000007bbfffff]\r\n[    0.000000]   node   0: [mem 0x000000007bc00000-0x000000007bfdffff]\r\n[    0.000000]   node   0: [mem 0x000000007bfe0000-0x000000007fffffff]\r\n[    0.000000]   node   0: [mem 0x0000000400000000-0x00000005b5ffffff]\r\n[    0.000000] Initmem setup node 0 [mem 0x0000000040000000-0x00000005b5ffffff]\r\n[    0.000000] cma: Reserved 64 MiB at 0x000000007c000000\r\n[    0.000000] psci: probing for conduit method from ACPI.\r\n[    0.000000] psci: PSCIv1.0 detected in firmware.\r\n[    0.000000] psci: Using standard PSCI v0.2 function IDs\r\n[    0.000000] psci: Trusted OS migration not required\r\n[    0.000000] psci: SMC Calling Convention v1.1\r\n[    0.000000] ACPI: SRAT not present\r\n[    0.000000] percpu: Embedded 33 pages/cpu s95896 r8192 d31080 u135168\r\n[    0.000000] Detected PIPT I-cache on CPU0\r\n[    0.000000] CPU features: detected: GIC system register CPU interface\r\n[    0.000000] CPU features: detected: Hardware dirty bit management\r\n[    0.000000] CPU features: detected: Spectre-v4\r\n[    0.000000] CPU features: detected: ARM erratum 1418040\r\n[    0.000000] CPU features: detected: ARM erratum 1542419 (kernel portion)\r\n[    0.000000] CPU features: detected: Spectre-BHB\r\n[    0.000000] Fallback order for Node 0: 0 \r\n[    0.000000] Built 1 zonelists, mobility grouping on.  Total pages: 2024064\r\n[    0.000000] Policy zone: Normal\r\n[    0.000000] Kernel command line: BOOT_IMAGE=(hd0,gpt3)/vmlinuz console=tty0 console=ttyS0,115200n8 net.ifnames=0 netdog.default-interface=eth0:dhcp4,dhcp6? root=/dev/dm-0 rootwait ro raid=noautodetect random.trust_cpu=on selinux=1 enforcing=1 dm_verity.max_bios=-1 dm_verity.dev_wait=1 \"dm-mod.create=root,,,ro,0 1884160 verity 1 PARTUUID=bd0d1a19-b104-41db-bbf8-14cf9e24142c/PARTNROFF=1 PARTUUID=bd0d1a19-b104-41db-bbf8-14cf9e24142c/PARTNROFF=2        4096 4096 235520 1 sha256 b9c9abae0f69a3d4a54be3d35a7f1e0554c3f40ccaf990817db3719e74b0f333 d6ae7156a8ad42ea19f3c1d44381177f713f2b65f08c3caf4c480af20f8f9c2c        2 restart_on_corruption ignore_zero_blocks\" -- systemd.log_target=journal-or-kmsg systemd.log_color=0\r\n[    0.000000] Dentry cache hash table entries: 1048576 (order: 11, 8388608 bytes, linear)\r\n[    0.000000] Inode-cache hash table entries: 524288 (order: 10, 4194304 bytes, linear)\r\n[    0.000000] mem auto-init: stack:off, heap alloc:off, heap free:off\r\n[    0.000000] software IO TLB: mapped [mem 0x000000006ee00000-0x0000000072e00000] (64MB)\r\n[    0.000000] Memory: 7881280K/8224768K available (14080K kernel code, 5760K rwdata, 13300K rodata, 4800K init, 8887K bss, 277952K reserved, 65536K cma-reserved)\r\n[    0.000000] random: get_random_u64 called from kmem_cache_open+0x30/0x230 with crng_init=1\r\n[    0.000000] SLUB: HWalign=64, Order=0-3, MinObjects=0, CPUs=4, Nodes=1\r\n[    0.000000] ftrace: allocating 45852 entries in 180 pages\r\n[    0.000000] ftrace: allocated 180 pages with 4 groups\r\n[    0.000000] rcu: Hierarchical RCU implementation.\r\n[    0.000000] rcu: \tRCU restricting CPUs from NR_CPUS=4096 to nr_cpu_ids=4.\r\n[    0.000000] \tRude variant of Tasks RCU enabled.\r\n[    0.000000] \tTracing variant of Tasks RCU enabled.\r\n[    0.000000] rcu: RCU calculated value of scheduler-enlistment delay is 25 jiffies.\r\n[    0.000000] rcu: Adjusting geometry for rcu_fanout_leaf=16, nr_cpu_ids=4\r\n[    0.000000] NR_IRQS: 64, nr_irqs: 64, preallocated irqs: 0\r\n[    0.000000] GICv3: 96 SPIs implemented\r\n[    0.000000] GICv3: 0 Extended SPIs implemented\r\n[    0.000000] GICv3: Distributor has no Range Selector support\r\n[    0.000000] GICv3: 16 PPIs implemented\r\n[    0.000000] GICv3: CPU0: found redistributor 0 region 0:0x0000000010200000\r\n[    0.000000] ACPI: SRAT not present\r\n[    0.000000] ITS [mem 0x10080000-0x1009ffff]\r\n[    0.000000] ITS@0x0000000010080000: allocated 8192 Devices @4001b0000 (indirect, esz 8, psz 64K, shr 1)\r\n[    0.000000] ITS@0x0000000010080000: allocated 8192 Interrupt Collections @4001c0000 (flat, esz 8, psz 64K, shr 1)\r\n[    0.000000] GICv3: using LPI property table @0x00000004001d0000\r\n[    0.000000] ITS: Using hypervisor restricted LPI range [128]\r\n[    0.000000] GICv3: CPU0: using allocated LPI pending table @0x00000004001e0000\r\n[    0.000000] rcu: \tOffload RCU callbacks from CPUs: (none).\r\n[    0.000000] arch_timer: Enabling local workaround for ARM erratum 1418040\r\n[    0.000000] arch_timer: cp15 timer(s) running at 121.87MHz (virt).\r\n[    0.000000] clocksource: arch_sys_counter: mask: 0xffffffffffffff max_cycles: 0x383759f8ff, max_idle_ns: 881590415659 ns\r\n[    0.000001] sched_clock: 56 bits at 121MHz, resolution 8ns, wraps every 4398046511103ns\r\n[    0.000033] Console: colour dummy device 80x25\r\n[    0.000152] printk: console [tty0] enabled\r\n[    0.000172] ACPI: Core revision 20200925\r\n[    0.000213] Calibrating delay loop (skipped), value calculated using timer frequency.. 243.75 BogoMIPS (lpj=487500)\r\n[    0.000218] pid_max: default: 32768 minimum: 301\r\n[    0.000242] LSM: Security Framework initializing\r\n[    0.000253] Yama: becoming mindful.\r\n[    0.000259] SELinux:  Initializing.\r\n[    0.000275] LSM support for eBPF active\r\n[    0.000308] Mount-cache hash table entries: 16384 (order: 5, 131072 bytes, linear)\r\n[    0.000314] Mountpoint-cache hash table entries: 16384 (order: 5, 131072 bytes, linear)\r\n[    0.000689] rcu: Hierarchical SRCU implementation.\r\n[    0.000862] Platform MSI: ITS@0x10080000 domain created\r\n[    0.000867] PCI/MSI: ITS@0x10080000 domain created\r\n[    0.000872] Remapping and enabling EFI services.\r\n[    0.001022] smp: Bringing up secondary CPUs ...\r\n[    0.001194] Detected PIPT I-cache on CPU1\r\n[    0.001210] GICv3: CPU1: found redistributor 1 region 0:0x0000000010220000\r\n[    0.001259] GICv3: CPU1: using allocated LPI pending table @0x00000004001f0000\r\n[    0.001275] arch_timer: Enabling local workaround for ARM erratum 1418040\r\n[    0.001297] CPU1: Booted secondary processor 0x0000000001 [0x413fd0c1]\r\n[    0.001477] Detected PIPT I-cache on CPU2\r\n[    0.001492] GICv3: CPU2: found redistributor 2 region 0:0x0000000010240000\r\n[    0.001533] GICv3: CPU2: using allocated LPI pending table @0x0000000400200000\r\n[    0.001548] arch_timer: Enabling local workaround for ARM erratum 1418040\r\n[    0.001570] CPU2: Booted secondary processor 0x0000000002 [0x413fd0c1]\r\n[    0.001744] Detected PIPT I-cache on CPU3\r\n[    0.001760] GICv3: CPU3: found redistributor 3 region 0:0x0000000010260000\r\n[    0.001802] GICv3: CPU3: using allocated LPI pending table @0x0000000400210000\r\n[    0.001818] arch_timer: Enabling local workaround for ARM erratum 1418040\r\n[    0.001840] CPU3: Booted secondary processor 0x0000000003 [0x413fd0c1]\r\n[    0.001870] smp: Brought up 1 node, 4 CPUs\r\n[    0.001892] SMP: Total of 4 processors activated.\r\n[    0.001895] CPU features: detected: Privileged Access Never\r\n[    0.001896] CPU features: detected: LSE atomic instructions\r\n[    0.001898] CPU features: detected: User Access Override\r\n[    0.001900] CPU features: detected: 32-bit EL0 Support\r\n[    0.001902] CPU features: detected: Common not Private translations\r\n[    0.001904] CPU features: detected: RAS Extension Support\r\n[    0.001906] CPU features: detected: Data cache clean to the PoU not required for I/D coherence\r\n[    0.001908] CPU features: detected: Instruction cache invalidation not required for I/D coherence\r\n[    0.001911] CPU features: detected: CRC32 instructions\r\n[    0.001913] CPU features: detected: Speculative Store Bypassing Safe (SSBS)\r\n[    0.022486] CPU: All CPU(s) started at EL1\r\n[    0.022506] alternatives: patching kernel code\r\n[    0.023067] devtmpfs: initialized\r\n[    0.023305] Registered cp15_barrier emulation handler\r\n[    0.023314] Registered setend emulation handler\r\n[    0.023349] clocksource: jiffies: mask: 0xffffffff max_cycles: 0xffffffff, max_idle_ns: 7645041785100000 ns\r\n[    0.023354] futex hash table entries: 1024 (order: 4, 65536 bytes, linear)\r\n[    0.023681] pinctrl core: initialized pinctrl subsystem\r\n[    0.023787] SMBIOS 3.0.0 present.\r\n[    0.023791] DMI: Amazon EC2 c6g.xlarge/, BIOS 1.0 11/1/2018\r\n[    0.023888] NET: Registered protocol family 16\r\n[    0.024161] DMA: preallocated 1024 KiB GFP_KERNEL pool for atomic allocations\r\n[    0.024211] DMA: preallocated 1024 KiB GFP_KERNEL|GFP_DMA pool for atomic allocations\r\n[    0.024288] DMA: preallocated 1024 KiB GFP_KERNEL|GFP_DMA32 pool for atomic allocations\r\n[    0.024298] audit: initializing netlink subsys (disabled)\r\n[    0.024335] audit: type=2000 audit(0.024:1): state=initialized audit_enabled=0 res=1\r\n[    0.024410] thermal_sys: Registered thermal governor 'fair_share'\r\n[    0.024411] thermal_sys: Registered thermal governor 'step_wise'\r\n[    0.024414] thermal_sys: Registered thermal governor 'user_space'\r\n[    0.024423] cpuidle: using governor menu\r\n[    0.024455] hw-breakpoint: found 6 breakpoint and 4 watchpoint registers.\r\n[    0.024494] ASID allocator initialised with 65536 entries\r\n[    0.024503] ACPI: bus type PCI registered\r\n[    0.024506] acpiphp: ACPI Hot Plug PCI Controller Driver version: 0.5\r\n[    0.024526] Serial: AMBA PL011 UART driver\r\n[    0.025859] HugeTLB registered 1.00 GiB page size, pre-allocated 0 pages\r\n[    0.025863] HugeTLB registered 32.0 MiB page size, pre-allocated 0 pages\r\n[    0.025865] HugeTLB registered 2.00 MiB page size, pre-allocated 0 pages\r\n[    0.025867] HugeTLB registered 64.0 KiB page size, pre-allocated 0 pages\r\n[    0.058371] cryptd: max_cpu_qlen set to 1000\r\n[    0.071989] fbcon: Taking over console\r\n[    0.072010] ACPI: Added _OSI(Module Device)\r\n[    0.072012] ACPI: Added _OSI(Processor Device)\r\n[    0.072013] ACPI: Added _OSI(3.0 _SCP Extensions)\r\n[    0.072015] ACPI: Added _OSI(Processor Aggregator Device)\r\n[    0.072017] ACPI: Added _OSI(Linux-Dell-Video)\r\n[    0.072019] ACPI: Added _OSI(Linux-Lenovo-NV-HDMI-Audio)\r\n[    0.072021] ACPI: Added _OSI(Linux-HPI-Hybrid-Graphics)\r\n[    0.072735] ACPI: 1 ACPI AML tables successfully acquired and loaded\r\n[    0.072933] ACPI: Interpreter enabled\r\n[    0.072935] ACPI: Using GIC for interrupt routing\r\n[    0.072944] ACPI: MCFG table detected, 1 entries\r\n[    0.074781] ACPI: PCI Root Bridge [PCI0] (domain 0000 [bus 00-0f])\r\n[    0.074791] acpi PNP0A08:00: _OSC: OS supports [ExtendedConfig ASPM ClockPM Segments MSI HPX-Type3]\r\n[    0.074869] acpi PNP0A08:00: _OSC: platform does not support [SHPCHotplug LTR]\r\n[    0.074933] acpi PNP0A08:00: _OSC: OS now controls [PCIeHotplug PME AER PCIeCapability]\r\n[    0.075025] acpi PNP0A08:00: ECAM area [mem 0x20000000-0x20ffffff] reserved by PNP0C02:00\r\n[    0.075032] acpi PNP0A08:00: ECAM at [mem 0x20000000-0x20ffffff] for [bus 00-0f]\r\n[    0.075048] Remapped I/O 0x000000001fff0000 to [io  0x0000-0xffff window]\r\n[    0.075273] acpiphp: Slot [1] registered\r\n[    0.075286] acpiphp: Slot [2] registered\r\n[    0.075298] acpiphp: Slot [3] registered\r\n[    0.075309] acpiphp: Slot [4] registered\r\n[    0.075321] acpiphp: Slot [5] registered\r\n[    0.075333] acpiphp: Slot [6] registered\r\n[    0.075345] acpiphp: Slot [7] registered\r\n[    0.075357] acpiphp: Slot [8] registered\r\n[    0.075368] acpiphp: Slot [9] registered\r\n[    0.075380] acpiphp: Slot [10] registered\r\n[    0.075393] acpiphp: Slot [11] registered\r\n[    0.075404] acpiphp: Slot [12] registered\r\n[    0.075417] acpiphp: Slot [13] registered\r\n[    0.075429] acpiphp: Slot [14] registered\r\n[    0.075440] acpiphp: Slot [15] registered\r\n[    0.075452] acpiphp: Slot [16] registered\r\n[    0.075463] acpiphp: Slot [17] registered\r\n[    0.075475] acpiphp: Slot [18] registered\r\n[    0.075486] acpiphp: Slot [19] registered\r\n[    0.075498] acpiphp: Slot [20] registered\r\n[    0.075511] acpiphp: Slot [21] registered\r\n[    0.075522] acpiphp: Slot [22] registered\r\n[    0.075533] acpiphp: Slot [23] registered\r\n[    0.075545] acpiphp: Slot [24] registered\r\n[    0.075556] acpiphp: Slot [25] registered\r\n[    0.075568] acpiphp: Slot [26] registered\r\n[    0.075580] acpiphp: Slot [27] registered\r\n[    0.075591] acpiphp: Slot [28] registered\r\n[    0.075602] acpiphp: Slot [29] registered\r\n[    0.075614] acpiphp: Slot [30] registered\r\n[    0.075625] acpiphp: Slot [31] registered\r\n[    0.075646] PCI host bridge to bus 0000:00\r\n[    0.075649] pci_bus 0000:00: root bus resource [mem 0x80000000-0xffffffff window]\r\n[    0.075652] pci_bus 0000:00: root bus resource [io  0x0000-0xffff window]\r\n[    0.075654] pci_bus 0000:00: root bus resource [mem 0x400000000000-0x407fffffffff window]\r\n[    0.075657] pci_bus 0000:00: root bus resource [bus 00-0f]\r\n[    0.075691] pci 0000:00:00.0: [1d0f:0200] type 00 class 0x060000\r\n[    0.075956] pci 0000:00:01.0: [1d0f:8250] type 00 class 0x070003\r\n[    0.076005] pci 0000:00:01.0: reg 0x10: [mem 0x8011c000-0x8011cfff]\r\n[    0.076250] pci 0000:00:04.0: [1d0f:8061] type 00 class 0x010802\r\n[    0.076914] pci 0000:00:04.0: reg 0x10: [mem 0x80118000-0x8011bfff]\r\n[    0.079402] pci 0000:00:04.0: PME# supported from D0 D1 D2 D3hot D3cold\r\n[    0.079601] pci 0000:00:05.0: [1d0f:ec20] type 00 class 0x020000\r\n[    0.079647] pci 0000:00:05.0: reg 0x10: [mem 0x80114000-0x80117fff]\r\n[    0.079674] pci 0000:00:05.0: reg 0x18: [mem 0x80000000-0x800fffff pref]\r\n[    0.079700] pci 0000:00:05.0: reg 0x20: [mem 0x80100000-0x8010ffff]\r\n[    0.079874] pci 0000:00:05.0: PME# supported from D0 D1 D2 D3hot D3cold\r\n[    0.080087] pci 0000:00:1f.0: [1d0f:8061] type 00 class 0x010802\r\n[    0.080475] pci 0000:00:1f.0: reg 0x10: [mem 0x80110000-0x80113fff]\r\n[    0.082623] pci 0000:00:1f.0: PME# supported from D0 D1 D2 D3hot D3cold\r\n[    0.082775] pci 0000:00:05.0: BAR 2: assigned [mem 0x80000000-0x800fffff pref]\r\n[    0.082786] pci 0000:00:05.0: BAR 4: assigned [mem 0x80100000-0x8010ffff]\r\n[    0.082793] pci 0000:00:04.0: BAR 0: assigned [mem 0x80110000-0x80113fff]\r\n[    0.083143] pci 0000:00:05.0: BAR 0: assigned [mem 0x80114000-0x80117fff]\r\n[    0.083152] pci 0000:00:1f.0: BAR 0: assigned [mem 0x80118000-0x8011bfff]\r\n[    0.083401] pci 0000:00:01.0: BAR 0: assigned [mem 0x8011c000-0x8011cfff]\r\n[    0.083412] pci_bus 0000:00: resource 4 [mem 0x80000000-0xffffffff window]\r\n[    0.083414] pci_bus 0000:00: resource 5 [io  0x0000-0xffff window]\r\n[    0.083416] pci_bus 0000:00: resource 6 [mem 0x400000000000-0x407fffffffff window]\r\n[    0.083445] ACPI: PCI Interrupt Link [GSI0] (IRQs *35)\r\n[    0.083454] ACPI: PCI Interrupt Link [GSI1] (IRQs *36)\r\n[    0.083461] ACPI: PCI Interrupt Link [GSI2] (IRQs *37)\r\n[    0.083471] ACPI: PCI Interrupt Link [GSI3] (IRQs *38)\r\n[    0.083795] iommu: Default domain type: Translated \r\n[    0.083844] vgaarb: loaded\r\n[    0.083927] SCSI subsystem initialized\r\n[    0.083984] ACPI: bus type USB registered\r\n[    0.083999] usbcore: registered new interface driver usbfs\r\n[    0.084006] usbcore: registered new interface driver hub\r\n[    0.084012] usbcore: registered new device driver usb\r\n[    0.084079] EDAC MC: Ver: 3.0.0\r\n[    0.084193] Registered efivars operations\r\n[    0.084401] NetLabel: Initializing\r\n[    0.084403] NetLabel:  domain hash size = 128\r\n[    0.084404] NetLabel:  protocols = UNLABELED CIPSOv4 CALIPSO\r\n[    0.084416] NetLabel:  unlabeled traffic allowed by default\r\n[    0.084488] clocksource: Switched to clocksource arch_sys_counter\r\n[    0.107586] VFS: Disk quotas dquot_6.6.0\r\n[    0.107603] VFS: Dquot-cache hash table entries: 512 (order 0, 4096 bytes)\r\n[    0.107678] pnp: PnP ACPI init\r\n[    0.107782] system 00:00: [mem 0x20000000-0x2fffffff] could not be reserved\r\n[    0.107794] pnp: PnP ACPI: found 1 devices\r\n[    0.109179] NET: Registered protocol family 2\r\n[    0.109223] IP idents hash table entries: 131072 (order: 8, 1048576 bytes, linear)\r\n[    0.110165] tcp_listen_portaddr_hash hash table entries: 4096 (order: 4, 65536 bytes, linear)\r\n[    0.110209] TCP established hash table entries: 65536 (order: 7, 524288 bytes, linear)\r\n[    0.110373] TCP bind hash table entries: 65536 (order: 8, 1048576 bytes, linear)\r\n[    0.110695] TCP: Hash tables configured (established 65536 bind 65536)\r\n[    0.110729] MPTCP token hash table entries: 8192 (order: 5, 196608 bytes, linear)\r\n[    0.110756] UDP hash table entries: 4096 (order: 5, 131072 bytes, linear)\r\n[    0.110816] UDP-Lite hash table entries: 4096 (order: 5, 131072 bytes, linear)\r\n[    0.110961] NET: Registered protocol family 1\r\n[    0.110967] NET: Registered protocol family 44\r\n[    0.111027] PCI: CLS 0 bytes, default 64\r\n[    0.111302] hw perfevents: enabled with armv8_pmuv3_0 PMU driver, 4 counters available\r\n[    0.111308] kvm [1]: HYP mode not available\r\n[    0.117080] Initialise system trusted keyrings\r\n[    0.117130] workingset: timestamp_bits=44 max_order=21 bucket_order=0\r\n[    0.118083] zbud: loaded\r\n[    0.118359] SGI XFS with ACLs, security attributes, quota, no debug enabled\r\n[    0.118723] NET: Registered protocol family 38\r\n[    0.118727] Key type asymmetric registered\r\n[    0.118729] Asymmetric key parser 'x509' registered\r\n[    0.118736] Block layer SCSI generic (bsg) driver version 0.4 loaded (major 250)\r\n[    0.118772] io scheduler mq-deadline registered\r\n[    0.118774] io scheduler kyber registered\r\n[    0.118797] io scheduler bfq registered\r\n[    0.119032] pl061_gpio ARMH0061:00: PL061 GPIO chip registered\r\n[    0.119080] shpchp: Standard Hot Plug PCI Controller Driver version: 0.4\r\n[    0.120724] input: Power Button as /devices/LNXSYSTM:00/LNXSYBUS:00/PNP0C0C:00/input/input0\r\n[    0.120743] ACPI: Power Button [PWRB]\r\n[    0.120885] Serial: 8250/16550 driver, 4 ports, IRQ sharing enabled\r\n[    0.121192] PCI Interrupt Link [GSI2] enabled at IRQ 37\r\n[    0.121214] serial 0000:00:01.0: enabling device (0010 -> 0012)\r\n[    0.121366] printk: console [ttyS0] disabled\r\n[    0.121520] 0000:00:01.0: ttyS0 at MMIO 0x8011c000 (irq = 14, base_baud = 115200) is a 16550A\r\n[    0.377711] printk: console [ttyS0] enabled\r\n[    0.378751] rdac: device handler registered\r\n[    0.379405] hp_sw: device handler registered\r\n[    0.379989] emc: device handler registered\r\n[    0.380662] alua: device handler registered\r\n[    0.381289] Microsemi PQI Driver (v1.2.16-010)\r\n[    0.381950] megasas: 07.714.04.00-rc1\r\n[    0.382770] PCI Interrupt Link [GSI0] enabled at IRQ 35\r\n[    0.383612] nvme nvme0: pci function 0000:00:04.0\r\n[    0.384433] PCI Interrupt Link [GSI3] enabled at IRQ 38\r\n[    0.385356] nvme nvme1: pci function 0000:00:1f.0\r\n[    0.386184] ehci_hcd: USB 2.0 'Enhanced' Host Controller (EHCI) Driver\r\n[    0.387180] ehci-pci: EHCI PCI platform driver\r\n[    0.387844] ohci_hcd: USB 1.1 'Open' Host Controller (OHCI) Driver\r\n[    0.388809] ohci-pci: OHCI PCI platform driver\r\n[    0.389525] uhci_hcd: USB Universal Host Controller Interface driver\r\n[    0.390494] usbcore: registered new interface driver usbserial_generic\r\n[    0.391345] nvme nvme0: 2/0/0 default/read/poll queues\r\n[    0.391689] usbserial: USB Serial support registered for generic\r\n[    0.393575] mousedev: PS/2 mouse device common for all mice\r\n[    0.394480] nvme nvme1: 2/0/0 default/read/poll queues\r\n[    0.394485]  nvme0n1: p1 p2 p3 p4 p5 p6 p7 p8 p9 p10 p11 p12\r\n[    0.394538] rtc-efi rtc-efi.0: registered as rtc0\r\n[    0.395285] rtc-efi rtc-efi.0: setting system clock to 2022-07-21T15:07:13 UTC (1658416033)\r\n[    0.398081] GPT:Primary header thinks Alt. header is not at the end of the disk.\r\n[    0.398083] i2c /dev entries driver\r\n[    0.399155] GPT:2097151 != 41943039\r\n[    0.399156] GPT:Alternate GPT header not at the end of the disk.\r\n[    0.399684] IR NEC protocol handler initialized\r\n[    0.400197] GPT:2097151 != 41943039\r\n[    0.400198] GPT: Use GNU Parted to correct GPT errors.\r\n[    0.401165] IR RC5(x/sz) protocol handler initialized\r\n[    0.401833]  nvme1n1: p1\r\n[    0.402337] IR RC6 protocol handler initialized\r\n[    0.404905] IR JVC protocol handler initialized\r\n[    0.405577] IR Sony protocol handler initialized\r\n[    0.406253] IR SANYO protocol handler initialized\r\n[    0.406906] IR Sharp protocol handler initialized\r\n[    0.407590] IR MCE Keyboard/mouse protocol handler initialized\r\n[    0.408429] IR XMP protocol handler initialized\r\n[    0.409276] device-mapper: uevent: version 1.0.3\r\n[    0.410007] device-mapper: ioctl: 4.43.0-ioctl (2020-10-01) initialised: dm-devel@redhat.com\r\n[    0.411272] hid: raw HID events driver (C) Jiri Kosina\r\n[    0.412082] usbcore: registered new interface driver usbhid\r\n[    0.412935] usbhid: USB HID core driver\r\n[    0.413514] drop_monitor: Initializing network drop monitor service\r\n[    0.414444] Initializing XFRM netlink socket\r\n[    0.415159] NET: Registered protocol family 10\r\n[    0.415981] Segment Routing with IPv6\r\n[    0.416551] NET: Registered protocol family 17\r\n[    0.417285] registered taskstats version 1\r\n[    0.417874] Loading compiled-in X.509 certificates\r\n[    0.418799] alg: No test for pkcs1pad(rsa,sha1) (pkcs1pad(rsa-generic,sha1))\r\n[    0.420443] Loaded X.509 cert 'Build time autogenerated kernel key: 64bcde9c6014a4f1a3597a32a97254d393208b4b'\r\n[    0.422131] zswap: loaded using pool lzo/zbud\r\n[    0.423046] device-mapper: init: waiting for all devices to be available before creating mapped devices\r\n[    0.424591] device-mapper: verity: sha256 using implementation \"sha256-generic\"\r\n[    0.425759] device-mapper: ioctl: dm-0 (root) is ready\r\n[    0.426907] md: Skipping autodetection of RAID arrays. (raid=autodetect will force)\r\n[    0.511585] EXT4-fs (dm-0): mounted filesystem without journal. Opts: (null)\r\n[    0.512624] VFS: Mounted root (ext4 filesystem) readonly on device 252:0.\r\n[    0.765734] devtmpfs: mounted\r\n[    0.767478] Freeing unused kernel memory: 4800K\r\n[    0.768176] Run /sbin/init as init process\r\n[    3.521859] SELinux:  policy capability network_peer_controls=1\r\n[    3.522778] SELinux:  policy capability open_perms=1\r\n[    3.523509] SELinux:  policy capability extended_socket_class=1\r\n[    3.524357] SELinux:  policy capability always_check_network=0\r\n[    3.525275] SELinux:  policy capability cgroup_seclabel=1\r\n[    3.526051] SELinux:  policy capability nnp_nosuid_transition=1\r\n[    3.526928] SELinux:  policy capability genfs_seclabel_symlinks=1\r\n[    3.527794] SELinux:  policy capability ioctl_skip_cloexec=0\r\n[    3.572522] audit: type=1403 audit(1658416036.675:2): auid=4294967295 ses=4294967295 lsm=selinux res=1\r\n[    3.574076] systemd[1]: Successfully loaded SELinux policy in 234.550ms.\r\n[    3.718703] systemd[1]: Relabelled /dev, /dev/shm, /run, /sys/fs/cgroup in 602us.\r\n[    3.721785] systemd[1]: systemd 250 running in system mode (-PAM -AUDIT +SELINUX -APPARMOR -IMA -SMACK +SECCOMP -GCRYPT -GNUTLS -OPENSSL +ACL +BLKID -CURL -ELFUTILS -FIDO2 -IDN2 -IDN -IPTC +KMOD -LIBCRYPTSETUP +LIBFDISK -PCRE2 -PWQUALITY -P11KIT -QRENCODE -BZIP2 -LZ4 -XZ -ZLIB -ZSTD -BPF_FRAMEWORK -XKBCOMMON -UTMP -SYSVINIT default-hierarchy=hybrid)\r\n[    3.726426] systemd[1]: Detected virtualization amazon.\r\n[    3.727179] systemd[1]: Detected architecture arm64.\r\n[    3.727917] systemd[1]: Detected first boot.\r\n\r\nWelcome to Bottlerocket OS 1.8.0 (aws-k8s-1.21)!\r\n\r\n[    3.754607] systemd[1]: No hostname configured, using default hostname.\r\n[    3.755632] systemd[1]: Hostname set to <localhost>.\r\n[    3.757390] systemd[1]: Initializing machine ID from VM UUID.\r\n[    3.920319] systemd[1]: Populated /etc with preset unit settings.\r\n[    3.952414] systemd[1]: Queued start job for default target Bottlerocket initial configuration complete.\r\n[    3.954771] random: systemd: uninitialized urandom read (16 bytes read)\r\n[    3.962944] systemd[1]: Created slice Slice /system/modprobe.\r\n[  OK  ] Created slice Slice /system/modprobe.\r\n[    3.965113] random: systemd: uninitialized urandom read (16 bytes read)\r\n[    3.966142] systemd[1]: Reached target Path Units.\r\n[  OK  ] Reached target Path Units.\r\n[    3.967783] random: systemd: uninitialized urandom read (16 bytes read)\r\n[    3.968784] systemd[1]: Reached target Slice Units.\r\n[  OK  ] Reached target Slice Units.\r\n[    3.970445] systemd[1]: Reached target Swaps.\r\n[  OK  ] Reached target Swaps.\r\n[    3.972162] systemd[1]: Listening on Journal Audit Socket.\r\n[  OK  ] Listening on Journal Audit Socket.\r\n[    3.974269] systemd[1]: Listening on Journal Socket (/dev/log).\r\n[  OK  ] Listening on Journal Socket (/dev/log).\r\n[    3.976466] systemd[1]: Listening on Journal Socket.\r\n[  OK  ] Listening on Journal Socket.\r\n[    3.978435] systemd[1]: Listening on udev Control Socket.\r\n[  OK  ] Listening on udev Control Socket.\r\n[    3.980381] systemd[1]: Listening on udev Kernel Socket.\r\n[  OK  ] Listening on udev Kernel Socket.\r\n[    3.983059] systemd[1]: Mounting Huge Pages File System...\r\n         Mounting Huge Pages File System...\r\n[    3.985729] systemd[1]: Mounting POSIX Message Queue File System...\r\n         Mounting POSIX Message Queue File System...\r\n[    3.988827] systemd[1]: Mounting CNI Configuration Directory (/etc/cni)...\r\n         Mounting CNI Configuration Directory (/etc/cni)...\r\n[    3.992024] systemd[1]: Mounting Kernel Debug File System...\r\n         Mounting Kernel Debug File System...\r\n[    3.994729] systemd[1]: Mounting Kernel Trace File System...\r\n         Mounting Kernel Trace File System...\r\n[    3.997899] systemd[1]: Mounting Temporary Directory /tmp...\r\n         Mounting Temporary Directory /tmp...\r\n[    4.000662] systemd[1]: Starting Load audit rules...\r\n         Starting Load audit rules...\r\n[    4.003161] systemd[1]: Starting Create List of Static Device Nodes...\r\n         Starting Create List of Static Device Nodes...\r\n[    4.006312] systemd[1]: Starting Load Kernel Module configfs...\r\n         Starting Load Kernel Module configfs...\r\n[    4.009135] systemd[1]: Starting Load Kernel Module fuse...\r\n         Starting Load Kernel Module fuse...\r\n[    4.012036] systemd[1]: Starting Copy SELinux policy files...\r\n         Starting Copy SELinux policy files...\r\n[    4.015274] systemd[1]: Starting Journal Service...\r\n         Starting Journal Service...\r\n[    4.018026] systemd[1]: Starting Load Kernel Modules...\r\n         Starting Load Kernel Modules...\r\n[    4.020593] systemd[1]: Starting Generate network units from Kernel command line...\r\n         Starting Generate network units from Kernel command line...\r\n[    4.024126] systemd[1]: Starting Remount Root and Kernel File Systems...\r\n         Starting Remount Root and Kernel File Systems...\r\n[    4.027309] systemd[1]: Starting Coldplug All udev Devices...\r\n         Starting Coldplug All udev Devices...\r\n[    4.030198] systemd[1]: Finished Load audit rules.\r\n[  OK  ] Finished Load audit rules.\r\n[    4.032075] systemd[1]: Finished Create List of Static Device Nodes.\r\n[  OK  ] Finished Create List of Static Device Nodes.\r\n[    4.034561] systemd[1]: modprobe@configfs.service: Deactivated successfully.\r\n[    4.035795] systemd[1]: Finished Load Kernel Module configfs.\r\n[  OK  ] Finished Load Kernel Module configfs.\r\n[    4.038094] systemd[1]: Finished Generate network units from Kernel command line.\r\n[  OK  ] Finished Generate network units from Kernel command line.\r\n[    4.040912] systemd[1]: Started Journal Service.\r\n[  OK  ] Started Journal Service.\r\n[  OK  ] Finished Remount Root and Kernel File Systems.\r\n         Mounting Kernel Configuration File System...\r\n         Starting Create System Users...\r\n[  OK  ] Finished Create System Users.\r\n         Starting Create Static Device Nodes in /dev...\r\n[  OK  ] Finished Create Static Device Nodes in /dev.\r\n[  OK  ] Reached target Preparation for Local File Systems.\r\n         Mounting License files...\r\n         Starting Rule-based Manager for Device Events and Files...\r\n[  OK  ] Mounted Huge Pages File System.\r\n[  OK  ] Mounted POSIX Message Queue File System.\r\n[  OK  ] Mounted CNI Configuration Directory (/etc/cni).\r\n[  OK  ] Mounted Kernel Debug File System.\r\n[  OK  ] Mounted Kernel Trace File System.\r\n[  OK  ] Mounted Temporary Directory /tmp.\r\n[  OK  ] Mounted Kernel Configuration File System.\r\n[    4.174128] fuse: init (API version 7.32)\r\n[  OK  ] Finished Load Kernel Module fuse.\r\n[  OK  ] Started Rule-based Manager for Device Events and Files.\r\n         Starting Load Kernel Module fuse...\r\n[  OK  ] Finished Load Kernel Module fuse.\r\n[  OK  ] Finished Coldplug All udev Devices.\r\n[    4.289946] loop: module loaded\r\n[    4.292347] PCI Interrupt Link [GSI1] enabled at IRQ 36\r\n[    4.293241] ena 0000:00:05.0: Elastic Network Adapter (ENA) v2.7.1g\r\n[    4.294178] ena 0000:00:05.0: enabling device (0010 -> 0012)\r\n[    4.304505] ena 0000:00:05.0: ENA device version: 0.10\r\n[    4.305309] ena 0000:00:05.0: ENA controller version: 0.0.1 implementation version 1\r\n[  OK  ] Finished Load Kernel Modules.\r\n         Startin[    4.387336] ena 0000:00:05.0: Elastic Network Adapter (ENA) found at mem 80114000, mac addr 06:20:bf:79:58:0b\r\ng Apply Kernel Variables...\r\n[  OK  ] Finished Apply Kernel Variables.\r\n[  OK  ] Finished Copy SELinux policy files.\r\n[    4.510026] squashfs: version 4.0 (2009/01/31) Phillip Lougher\r\n[  OK  ] Found device Amazon Elastic Block Store BOTTLEROCKET-DATA.\r\n[  OK  ] Found device Amazon Elastic Block Store BOTTLEROCKET-PRIVATE.\r\n[  OK  ] Mounted License files.\r\n         Mounting Containerd Configuration Directory (/etc/containerd)...\r\n         Mounting Host containers Configurat…irectory (/etc/host-containers)...\r\n         Mounting Local Directory (/local)...\r\n         Mounting FUSE Control File System...\r\n[  OK  ] Mounted Containerd Configuration Directory (/etc/contai[    5.041248] EXT4-fs (nvme1n1p1): mounted filesystem with ordered data mode. Opts: (null)\r\nnerd).\r\n[  OK  ] Mounted Host containers Configurati… Directory (/etc/host-containers).\r\n[  OK  ] Mounted Local Directory (/local).\r\n[  OK  ] Mounted FUSE Control File System.\r\n         Mounting Mnt Directory (/mnt)...\r\n         Mounting Opt Directory (/opt)...\r\n         Mounting Var Directory (/var)...\r\n         Starting Resize Data Partition...\r\n[  OK  ] Mounted Mnt Directory (/mnt).\r\n[  OK  ] Mounted Opt Directory (/opt).\r\n[  OK  ] Mounted Var Directory (/var).\r\n         Starting Mask Local Mnt Directory (/local/mnt)...\r\n         Starting Mask Local Opt Directory (/local/opt)...\r\n         Starting Mask Local Var Directory (/local/var)...\r\n         Starting Prepare Opt Directory (/opt)...\r\n         Starting Prepare Containerd Directory (/var/lib/containerd)...\r\n         Starting Prepare Kubelet Directory (/var/lib/kubelet)...\r\n         Starting Prepare Var Directory (/var)...\r\n         Starting Flush Journal to Persistent Storage...\r\n         Starting Load/Save Random Seed...\r\n[  OK  ] Finished Mask Local Mnt Directory (/local/mnt).\r\n[  OK  ] Finished Mask Local Opt Directory (/local/opt).\r\n[  OK  ] Finished Mask Local Var Directory (/local/var).\r\n[    5.090485] systemd-journald[271]: Received client request to flush runtime journal.\r\n[  OK  ] Finished Prepare Opt Directory (/opt).\r\n[  OK  ] Finished Prepare Containerd Directory (/var/lib/containerd).\r\n[  OK  ] Finished Prepare Kubelet Directory (/var/lib/kubelet).\r\n[  OK  ] Finished Flush Journal to Persistent Storage.\r\n[    5.239541] EXT4-fs (nvme1n1p1): resizing filesystem from 261632 to 5242368 blocks\r\n[  OK  ] Finished Prepare Var Directory (/var).\r\n[    5.340680] EXT4-fs (nvme1n1p1): resized filesystem to 5242368\r\n[  OK  ] Finished Resize Data Partition.\r\n         Mounting Kernel Modules (Read-Write)...\r\n         Mounting CNI Plugin Directory (/opt/cni/bin)...\r\n         Mounting Private Directory (/var/lib/bottlerocket)...\r\n         Mounting Kernel Development Sources (Read-Only)...\r\n[    6.042356] EXT4-fs (nvme0n1p12): mounted filesystem with ordered data mode. Opts: \r\n[  OK  ] Mounted Private Directory (/var/lib/bottlerocket).\r\n[  OK  ] Mounted Kernel Development Sources (Read-Only).\r\n         Mounting Kernel Development Sources (Read-Write)...\r\n[  OK  ] Mounted Kernel Modules (Read-Write).\r\n[  OK  ] Mounted Kernel Development Sources (Read-Write).\r\n[  OK  ] Mounted CNI Plugin Directory (/opt/cni/bin).\r\n[  OK  ] Reached target Local File Systems.\r\n         Starting Create Volatile Files and Directories...\r\n[  OK  ] Finished Create Volatile Files and Directories.\r\n         Starting Rebuild Dynamic Linker Cache...\r\n         Starting Rebuild Journal Catalog...\r\n[  OK  ] Finished Rebuild Journal Catalog.\r\n[  OK  ] Finished Rebuild Dynamic Linker Cache.\r\n         Starting Update is Completed...\r\n[  OK  ] Finished Update is Completed.\r\n[  OK  ] Reached target System Initialization.\r\n[  OK  ] Started Scheduled Metricdog Pings.\r\n[  OK  ] Started Daily Cleanup of Temporary Directories.\r\n[  OK  ] Reached target Timer Units.\r\n[  OK  ] Listening on D-Bus System Message Bus Socket.\r\n[  OK  ] Reached target Socket Units.\r\n         Starting D-Bus System Message Bus...\r\n[  OK  ] Started D-Bus System Message Bus.\r\n[  OK  ] Reached target Basic System.\r\n         Starting ACPI event daemon...\r\n         Starting Generate network configuration...\r\n         Starting Call signpost to mark the …r all required targets are met....\r\n         Starting Bottlerocket data store migrator...\r\n         Starting Prepare Boot Directory (/boot)...\r\n[  OK  ] Started ACPI event daemon.\r\n[  OK  ] Finished Generate network configuration.\r\n         Starting Prepare primary interface...\r\n[  OK  ] Finished Prepare primary interface.\r\n[  OK  ] Reached target Preparation for Network.\r\n         Starting wicked DHCPv4 supplicant service...\r\n         Starting wicked DHCPv6 supplicant service...\r\n[    7.045676] EXT4-fs (nvme0n1p3): mounted filesystem without journal. Opts: (null)\r\n[  OK  ] Finished Call signpost to mark the …ter all required targets are met..\r\n[  OK  ] Finished Prepare Boot Directory (/boot).\r\n         Starting Disable kexec load syscalls...\r\n[  OK  ] Finished Disable kexec load syscalls.\r\n[    7.117560] migrator[379]: Data store does not exist at given path, exiting (/var/lib/bottlerocket/datastore/current)\r\n[  OK  ] Finished Bottlerocket data store migrator.\r\n         Starting Datastore creator...\r\n[  OK  ] Started wicked DHCPv4 supplicant service.\r\n[  OK  ] Started wicked DHCPv6 supplicant service.\r\n         Starting wicked network management service daemon...\r\n[  OK  ] Started wicked network management service daemon.\r\n         Starting wicked network nanny service...\r\n[  OK  ] Started wicked network nanny service.\r\n         Starting wicked managed network interfaces...\r\n[    7.223665] ena 0000:00:05.0 eth0: Local page cache is disabled for less than 16 channels\r\n[    7.404504] random: crng init done\r\n[    7.405056] random: 7 urandom warning(s) missed due to ratelimiting\r\n[  OK  ] Finished Datastore creator.\r\n         Starting Bottlerocket API server...\r\n[  OK  ] Finished Load/Save Random Seed.\r\n[  OK  ] Reached target First Boot Complete.\r\n         Starting Commit a transient machine-id on disk...\r\n[  OK  ] Finished Commit a transient machine-id on disk.\r\n[  OK  ] Started Bottlerocket API server.\r\n[  OK  ] Finished wicked managed network interfaces.\r\n[  OK  ] Reached target Network.\r\n[  OK  ] Reached target Network is Online.\r\n         Starting Bottlerocket userdata configuration system...\r\n[  OK  ] Finished Bottlerocket userdata configuration system.\r\n         Starting User-specified setting generators...\r\n[  OK  ] Finished User-specified setting generators.\r\n         Starting Applies settings to create config files...\r\n[   10.363686] thar-be-settings[475]: Failure to read template 'ascwp-toml' from '/usr/share/templates/ascwp-toml': Template \"ascwp-toml\": No such file or directory (os error 2)\r\n[FAILED] Failed to start Applies settings to create config files.\r\nSee 'systemctl status settings-applier.service' for details.\r\n[DEPEND] Dependency failed for Bottlerocket initial configuration complete.\r\n[DEPEND] Dependency failed for Isolates configured.target.\r\n[DEPEND] Dependency failed for Sets the hostname.\r\n[DEPEND] Dependency failed for Send signal to CloudFormation Stack.\r\n",
    "Timestamp": "2022-07-21T15:13:35+00:00"
}
{
    "InstanceId": "i-0118e09cb11d73699",
    "Output": "UEFI firmware (version  built at 09:00:00 on Nov  1 2018)\r\n\u001b[2J\u001b[01;01H\u001b[=3h\u001b[2J\u001b[01;01H\u001b[2J\u001b[01;01H\u001b[=3h\u001b[2J\u001b[01;01H\u001b[2J\u001b[01;01H\u001b[=3h\u001b[2J\u001b[01;01H\u001b[0m\u001b[35m\u001b[40m\u001b[0m\u001b[37m\u001b[40mEFI stub: Booting Linux Kernel...\r\nEFI stub: ERROR: FIRMWARE BUG: kernel image not aligned on 64k boundary\r\nEFI stub: ERROR: FIRMWARE BUG: Image BSS overlaps adjacent EFI memory region\r\nEFI stub: Using DTB from configuration table\r\nEFI stub: Exiting boot services and installing virtual address map...\r\n[    0.000000] Booting Linux on physical CPU 0x0000000000 [0x413fd0c1]\r\n[    0.000000] Linux version 5.10.118 (builder@buildkitsandbox) (aarch64-bottlerocket-linux-gnu-gcc (Buildroot 2021.02.3) 10.3.0, GNU ld (GNU Binutils) 2.35.2) #1 SMP Mon Jul 18 17:42:48 UTC 2022\r\n[    0.000000] efi: EFI v2.70 by EDK II\r\n[    0.000000] efi: SMBIOS=0x7bed0000 SMBIOS 3.0=0x7beb0000 ACPI=0x786e0000 ACPI 2.0=0x786e0014 MEMATTR=0x7a6fca98 RNG=0x7bfdef98 MEMRESERVE=0x78504e18 \r\n[    0.000000] efi: seeding entropy pool\r\n[    0.000000] random: fast init done\r\n[    0.000000] ACPI: Early table checksum verification disabled\r\n[    0.000000] ACPI: RSDP 0x00000000786E0014 000024 (v02 AMAZON)\r\n[    0.000000] ACPI: XSDT 0x00000000786D00E8 000064 (v01 AMAZON AMZNFACP 00000001      01000013)\r\n[    0.000000] ACPI: FACP 0x00000000786B0000 000114 (v06 AMAZON AMZNFACP 00000001 AMZN 00000001)\r\n[    0.000000] ACPI: DSDT 0x0000000078640000 00154F (v03 AMAZON AMZNDSDT 00000001 INTL 20160527)\r\n[    0.000000] ACPI: APIC 0x00000000786C0000 0001A8 (v03 AMAZON AMZNAPIC 00000001 AMZN 00000001)\r\n[    0.000000] ACPI: SPCR 0x00000000786A0000 000050 (v02 AMAZON AMZNSPCR 00000001 AMZN 00000001)\r\n[    0.000000] ACPI: GTDT 0x0000000078690000 000060 (v02 AMAZON AMZNGTDT 00000001 AMZN 00000001)\r\n[    0.000000] ACPI: MCFG 0x0000000078680000 00003C (v02 AMAZON AMZNMCFG 00000001 AMZN 00000001)\r\n[    0.000000] ACPI: SLIT 0x0000000078670000 00002D (v01 AMAZON AMZNSLIT 00000001 AMZN 00000001)\r\n[    0.000000] ACPI: IORT 0x0000000078660000 000078 (v01 AMAZON AMZNIORT 00000001 AMZN 00000001)\r\n[    0.000000] ACPI: PPTT 0x0000000078650000 00010C (v02 AMAZON AMZNPPTT 00000001 AMZN 00000001)\r\n[    0.000000] ACPI: SPCR: console: uart,mmio,0x90a0000,115200\r\n[    0.000000] ACPI: NUMA: Failed to initialise from firmware\r\n[    0.000000] NUMA: Faking a node at [mem 0x0000000040000000-0x00000005b5ffffff]\r\n[    0.000000] NUMA: NODE_DATA [mem 0x5b504c100-0x5b504dfff]\r\n[    0.000000] Zone ranges:\r\n[    0.000000]   DMA      [mem 0x0000000040000000-0x00000000ffffffff]\r\n[    0.000000]   DMA32    empty\r\n[    0.000000]   Normal   [mem 0x0000000100000000-0x00000005b5ffffff]\r\n[    0.000000] Movable zone start for each node\r\n[    0.000000] Early memory node ranges\r\n[    0.000000]   node   0: [mem 0x0000000040000000-0x00000000786effff]\r\n[    0.000000]   node   0: [mem 0x00000000786f0000-0x000000007872ffff]\r\n[    0.000000]   node   0: [mem 0x0000000078730000-0x000000007bbfffff]\r\n[    0.000000]   node   0: [mem 0x000000007bc00000-0x000000007bfdffff]\r\n[    0.000000]   node   0: [mem 0x000000007bfe0000-0x000000007fffffff]\r\n[    0.000000]   node   0: [mem 0x0000000400000000-0x00000005b5ffffff]\r\n[    0.000000] Initmem setup node 0 [mem 0x0000000040000000-0x00000005b5ffffff]\r\n[    0.000000] cma: Reserved 64 MiB at 0x000000007c000000\r\n[    0.000000] psci: probing for conduit method from ACPI.\r\n[    0.000000] psci: PSCIv1.0 detected in firmware.\r\n[    0.000000] psci: Using standard PSCI v0.2 function IDs\r\n[    0.000000] psci: Trusted OS migration not required\r\n[    0.000000] psci: SMC Calling Convention v1.1\r\n[    0.000000] ACPI: SRAT not present\r\n[    0.000000] percpu: Embedded 33 pages/cpu s95896 r8192 d31080 u135168\r\n[    0.000000] Detected PIPT I-cache on CPU0\r\n[    0.000000] CPU features: detected: GIC system register CPU interface\r\n[    0.000000] CPU features: detected: Hardware dirty bit management\r\n[    0.000000] CPU features: detected: Spectre-v4\r\n[    0.000000] CPU features: detected: ARM erratum 1418040\r\n[    0.000000] CPU features: detected: ARM erratum 1542419 (kernel portion)\r\n[    0.000000] CPU features: detected: Spectre-BHB\r\n[    0.000000] Fallback order for Node 0: 0 \r\n[    0.000000] Built 1 zonelists, mobility grouping on.  Total pages: 2024064\r\n[    0.000000] Policy zone: Normal\r\n[    0.000000] Kernel command line: BOOT_IMAGE=(hd0,gpt3)/vmlinuz console=tty0 console=ttyS0,115200n8 net.ifnames=0 netdog.default-interface=eth0:dhcp4,dhcp6? root=/dev/dm-0 rootwait ro raid=noautodetect random.trust_cpu=on selinux=1 enforcing=1 dm_verity.max_bios=-1 dm_verity.dev_wait=1 \"dm-mod.create=root,,,ro,0 1884160 verity 1 PARTUUID=bd0d1a19-b104-41db-bbf8-14cf9e24142c/PARTNROFF=1 PARTUUID=bd0d1a19-b104-41db-bbf8-14cf9e24142c/PARTNROFF=2        4096 4096 235520 1 sha256 b9c9abae0f69a3d4a54be3d35a7f1e0554c3f40ccaf990817db3719e74b0f333 d6ae7156a8ad42ea19f3c1d44381177f713f2b65f08c3caf4c480af20f8f9c2c        2 restart_on_corruption ignore_zero_blocks\" -- systemd.log_target=journal-or-kmsg systemd.log_color=0\r\n[    0.000000] Dentry cache hash table entries: 1048576 (order: 11, 8388608 bytes, linear)\r\n[    0.000000] Inode-cache hash table entries: 524288 (order: 10, 4194304 bytes, linear)\r\n[    0.000000] mem auto-init: stack:off, heap alloc:off, heap free:off\r\n[    0.000000] software IO TLB: mapped [mem 0x000000006ee00000-0x0000000072e00000] (64MB)\r\n[    0.000000] Memory: 7881280K/8224768K available (14080K kernel code, 5760K rwdata, 13300K rodata, 4800K init, 8887K bss, 277952K reserved, 65536K cma-reserved)\r\n[    0.000000] random: get_random_u64 called from kmem_cache_open+0x30/0x230 with crng_init=1\r\n[    0.000000] SLUB: HWalign=64, Order=0-3, MinObjects=0, CPUs=4, Nodes=1\r\n[    0.000000] ftrace: allocating 45852 entries in 180 pages\r\n[    0.000000] ftrace: allocated 180 pages with 4 groups\r\n[    0.000000] rcu: Hierarchical RCU implementation.\r\n[    0.000000] rcu: \tRCU restricting CPUs from NR_CPUS=4096 to nr_cpu_ids=4.\r\n[    0.000000] \tRude variant of Tasks RCU enabled.\r\n[    0.000000] \tTracing variant of Tasks RCU enabled.\r\n[    0.000000] rcu: RCU calculated value of scheduler-enlistment delay is 25 jiffies.\r\n[    0.000000] rcu: Adjusting geometry for rcu_fanout_leaf=16, nr_cpu_ids=4\r\n[    0.000000] NR_IRQS: 64, nr_irqs: 64, preallocated irqs: 0\r\n[    0.000000] GICv3: 96 SPIs implemented\r\n[    0.000000] GICv3: 0 Extended SPIs implemented\r\n[    0.000000] GICv3: Distributor has no Range Selector support\r\n[    0.000000] GICv3: 16 PPIs implemented\r\n[    0.000000] GICv3: CPU0: found redistributor 0 region 0:0x0000000010200000\r\n[    0.000000] ACPI: SRAT not present\r\n[    0.000000] ITS [mem 0x10080000-0x1009ffff]\r\n[    0.000000] ITS@0x0000000010080000: allocated 8192 Devices @4001b0000 (indirect, esz 8, psz 64K, shr 1)\r\n[    0.000000] ITS@0x0000000010080000: allocated 8192 Interrupt Collections @4001c0000 (flat, esz 8, psz 64K, shr 1)\r\n[    0.000000] GICv3: using LPI property table @0x00000004001d0000\r\n[    0.000000] ITS: Using hypervisor restricted LPI range [128]\r\n[    0.000000] GICv3: CPU0: using allocated LPI pending table @0x00000004001e0000\r\n[    0.000000] rcu: \tOffload RCU callbacks from CPUs: (none).\r\n[    0.000000] arch_timer: Enabling local workaround for ARM erratum 1418040\r\n[    0.000000] arch_timer: cp15 timer(s) running at 121.87MHz (virt).\r\n[    0.000000] clocksource: arch_sys_counter: mask: 0xffffffffffffff max_cycles: 0x383759f8ff, max_idle_ns: 881590415659 ns\r\n[    0.000001] sched_clock: 56 bits at 121MHz, resolution 8ns, wraps every 4398046511103ns\r\n[    0.000033] Console: colour dummy device 80x25\r\n[    0.000152] printk: console [tty0] enabled\r\n[    0.000172] ACPI: Core revision 20200925\r\n[    0.000213] Calibrating delay loop (skipped), value calculated using timer frequency.. 243.75 BogoMIPS (lpj=487500)\r\n[    0.000218] pid_max: default: 32768 minimum: 301\r\n[    0.000242] LSM: Security Framework initializing\r\n[    0.000253] Yama: becoming mindful.\r\n[    0.000259] SELinux:  Initializing.\r\n[    0.000275] LSM support for eBPF active\r\n[    0.000308] Mount-cache hash table entries: 16384 (order: 5, 131072 bytes, linear)\r\n[    0.000314] Mountpoint-cache hash table entries: 16384 (order: 5, 131072 bytes, linear)\r\n[    0.000689] rcu: Hierarchical SRCU implementation.\r\n[    0.000862] Platform MSI: ITS@0x10080000 domain created\r\n[    0.000867] PCI/MSI: ITS@0x10080000 domain created\r\n[    0.000872] Remapping and enabling EFI services.\r\n[    0.001022] smp: Bringing up secondary CPUs ...\r\n[    0.001194] Detected PIPT I-cache on CPU1\r\n[    0.001210] GICv3: CPU1: found redistributor 1 region 0:0x0000000010220000\r\n[    0.001259] GICv3: CPU1: using allocated LPI pending table @0x00000004001f0000\r\n[    0.001275] arch_timer: Enabling local workaround for ARM erratum 1418040\r\n[    0.001297] CPU1: Booted secondary processor 0x0000000001 [0x413fd0c1]\r\n[    0.001477] Detected PIPT I-cache on CPU2\r\n[    0.001492] GICv3: CPU2: found redistributor 2 region 0:0x0000000010240000\r\n[    0.001533] GICv3: CPU2: using allocated LPI pending table @0x0000000400200000\r\n[    0.001548] arch_timer: Enabling local workaround for ARM erratum 1418040\r\n[    0.001570] CPU2: Booted secondary processor 0x0000000002 [0x413fd0c1]\r\n[    0.001744] Detected PIPT I-cache on CPU3\r\n[    0.001760] GICv3: CPU3: found redistributor 3 region 0:0x0000000010260000\r\n[    0.001802] GICv3: CPU3: using allocated LPI pending table @0x0000000400210000\r\n[    0.001818] arch_timer: Enabling local workaround for ARM erratum 1418040\r\n[    0.001840] CPU3: Booted secondary processor 0x0000000003 [0x413fd0c1]\r\n[    0.001870] smp: Brought up 1 node, 4 CPUs\r\n[    0.001892] SMP: Total of 4 processors activated.\r\n[    0.001895] CPU features: detected: Privileged Access Never\r\n[    0.001896] CPU features: detected: LSE atomic instructions\r\n[    0.001898] CPU features: detected: User Access Override\r\n[    0.001900] CPU features: detected: 32-bit EL0 Support\r\n[    0.001902] CPU features: detected: Common not Private translations\r\n[    0.001904] CPU features: detected: RAS Extension Support\r\n[    0.001906] CPU features: detected: Data cache clean to the PoU not required for I/D coherence\r\n[    0.001908] CPU features: detected: Instruction cache invalidation not required for I/D coherence\r\n[    0.001911] CPU features: detected: CRC32 instructions\r\n[    0.001913] CPU features: detected: Speculative Store Bypassing Safe (SSBS)\r\n[    0.022486] CPU: All CPU(s) started at EL1\r\n[    0.022506] alternatives: patching kernel code\r\n[    0.023067] devtmpfs: initialized\r\n[    0.023305] Registered cp15_barrier emulation handler\r\n[    0.023314] Registered setend emulation handler\r\n[    0.023349] clocksource: jiffies: mask: 0xffffffff max_cycles: 0xffffffff, max_idle_ns: 7645041785100000 ns\r\n[    0.023354] futex hash table entries: 1024 (order: 4, 65536 bytes, linear)\r\n[    0.023681] pinctrl core: initialized pinctrl subsystem\r\n[    0.023787] SMBIOS 3.0.0 present.\r\n[    0.023791] DMI: Amazon EC2 c6g.xlarge/, BIOS 1.0 11/1/2018\r\n[    0.023888] NET: Registered protocol family 16\r\n[    0.024161] DMA: preallocated 1024 KiB GFP_KERNEL pool for atomic allocations\r\n[    0.024211] DMA: preallocated 1024 KiB GFP_KERNEL|GFP_DMA pool for atomic allocations\r\n[    0.024288] DMA: preallocated 1024 KiB GFP_KERNEL|GFP_DMA32 pool for atomic allocations\r\n[    0.024298] audit: initializing netlink subsys (disabled)\r\n[    0.024335] audit: type=2000 audit(0.024:1): state=initialized audit_enabled=0 res=1\r\n[    0.024410] thermal_sys: Registered thermal governor 'fair_share'\r\n[    0.024411] thermal_sys: Registered thermal governor 'step_wise'\r\n[    0.024414] thermal_sys: Registered thermal governor 'user_space'\r\n[    0.024423] cpuidle: using governor menu\r\n[    0.024455] hw-breakpoint: found 6 breakpoint and 4 watchpoint registers.\r\n[    0.024494] ASID allocator initialised with 65536 entries\r\n[    0.024503] ACPI: bus type PCI registered\r\n[    0.024506] acpiphp: ACPI Hot Plug PCI Controller Driver version: 0.5\r\n[    0.024526] Serial: AMBA PL011 UART driver\r\n[    0.025859] HugeTLB registered 1.00 GiB page size, pre-allocated 0 pages\r\n[    0.025863] HugeTLB registered 32.0 MiB page size, pre-allocated 0 pages\r\n[    0.025865] HugeTLB registered 2.00 MiB page size, pre-allocated 0 pages\r\n[    0.025867] HugeTLB registered 64.0 KiB page size, pre-allocated 0 pages\r\n[    0.058371] cryptd: max_cpu_qlen set to 1000\r\n[    0.071989] fbcon: Taking over console\r\n[    0.072010] ACPI: Added _OSI(Module Device)\r\n[    0.072012] ACPI: Added _OSI(Processor Device)\r\n[    0.072013] ACPI: Added _OSI(3.0 _SCP Extensions)\r\n[    0.072015] ACPI: Added _OSI(Processor Aggregator Device)\r\n[    0.072017] ACPI: Added _OSI(Linux-Dell-Video)\r\n[    0.072019] ACPI: Added _OSI(Linux-Lenovo-NV-HDMI-Audio)\r\n[    0.072021] ACPI: Added _OSI(Linux-HPI-Hybrid-Graphics)\r\n[    0.072735] ACPI: 1 ACPI AML tables successfully acquired and loaded\r\n[    0.072933] ACPI: Interpreter enabled\r\n[    0.072935] ACPI: Using GIC for interrupt routing\r\n[    0.072944] ACPI: MCFG table detected, 1 entries\r\n[    0.074781] ACPI: PCI Root Bridge [PCI0] (domain 0000 [bus 00-0f])\r\n[    0.074791] acpi PNP0A08:00: _OSC: OS supports [ExtendedConfig ASPM ClockPM Segments MSI HPX-Type3]\r\n[    0.074869] acpi PNP0A08:00: _OSC: platform does not support [SHPCHotplug LTR]\r\n[    0.074933] acpi PNP0A08:00: _OSC: OS now controls [PCIeHotplug PME AER PCIeCapability]\r\n[    0.075025] acpi PNP0A08:00: ECAM area [mem 0x20000000-0x20ffffff] reserved by PNP0C02:00\r\n[    0.075032] acpi PNP0A08:00: ECAM at [mem 0x20000000-0x20ffffff] for [bus 00-0f]\r\n[    0.075048] Remapped I/O 0x000000001fff0000 to [io  0x0000-0xffff window]\r\n[    0.075273] acpiphp: Slot [1] registered\r\n[    0.075286] acpiphp: Slot [2] registered\r\n[    0.075298] acpiphp: Slot [3] registered\r\n[    0.075309] acpiphp: Slot [4] registered\r\n[    0.075321] acpiphp: Slot [5] registered\r\n[    0.075333] acpiphp: Slot [6] registered\r\n[    0.075345] acpiphp: Slot [7] registered\r\n[    0.075357] acpiphp: Slot [8] registered\r\n[    0.075368] acpiphp: Slot [9] registered\r\n[    0.075380] acpiphp: Slot [10] registered\r\n[    0.075393] acpiphp: Slot [11] registered\r\n[    0.075404] acpiphp: Slot [12] registered\r\n[    0.075417] acpiphp: Slot [13] registered\r\n[    0.075429] acpiphp: Slot [14] registered\r\n[    0.075440] acpiphp: Slot [15] registered\r\n[    0.075452] acpiphp: Slot [16] registered\r\n[    0.075463] acpiphp: Slot [17] registered\r\n[    0.075475] acpiphp: Slot [18] registered\r\n[    0.075486] acpiphp: Slot [19] registered\r\n[    0.075498] acpiphp: Slot [20] registered\r\n[    0.075511] acpiphp: Slot [21] registered\r\n[    0.075522] acpiphp: Slot [22] registered\r\n[    0.075533] acpiphp: Slot [23] registered\r\n[    0.075545] acpiphp: Slot [24] registered\r\n[    0.075556] acpiphp: Slot [25] registered\r\n[    0.075568] acpiphp: Slot [26] registered\r\n[    0.075580] acpiphp: Slot [27] registered\r\n[    0.075591] acpiphp: Slot [28] registered\r\n[    0.075602] acpiphp: Slot [29] registered\r\n[    0.075614] acpiphp: Slot [30] registered\r\n[    0.075625] acpiphp: Slot [31] registered\r\n[    0.075646] PCI host bridge to bus 0000:00\r\n[    0.075649] pci_bus 0000:00: root bus resource [mem 0x80000000-0xffffffff window]\r\n[    0.075652] pci_bus 0000:00: root bus resource [io  0x0000-0xffff window]\r\n[    0.075654] pci_bus 0000:00: root bus resource [mem 0x400000000000-0x407fffffffff window]\r\n[    0.075657] pci_bus 0000:00: root bus resource [bus 00-0f]\r\n[    0.075691] pci 0000:00:00.0: [1d0f:0200] type 00 class 0x060000\r\n[    0.075956] pci 0000:00:01.0: [1d0f:8250] type 00 class 0x070003\r\n[    0.076005] pci 0000:00:01.0: reg 0x10: [mem 0x8011c000-0x8011cfff]\r\n[    0.076250] pci 0000:00:04.0: [1d0f:8061] type 00 class 0x010802\r\n[    0.076914] pci 0000:00:04.0: reg 0x10: [mem 0x80118000-0x8011bfff]\r\n[    0.079402] pci 0000:00:04.0: PME# supported from D0 D1 D2 D3hot D3cold\r\n[    0.079601] pci 0000:00:05.0: [1d0f:ec20] type 00 class 0x020000\r\n[    0.079647] pci 0000:00:05.0: reg 0x10: [mem 0x80114000-0x80117fff]\r\n[    0.079674] pci 0000:00:05.0: reg 0x18: [mem 0x80000000-0x800fffff pref]\r\n[    0.079700] pci 0000:00:05.0: reg 0x20: [mem 0x80100000-0x8010ffff]\r\n[    0.079874] pci 0000:00:05.0: PME# supported from D0 D1 D2 D3hot D3cold\r\n[    0.080087] pci 0000:00:1f.0: [1d0f:8061] type 00 class 0x010802\r\n[    0.080475] pci 0000:00:1f.0: reg 0x10: [mem 0x80110000-0x80113fff]\r\n[    0.082623] pci 0000:00:1f.0: PME# supported from D0 D1 D2 D3hot D3cold\r\n[    0.082775] pci 0000:00:05.0: BAR 2: assigned [mem 0x80000000-0x800fffff pref]\r\n[    0.082786] pci 0000:00:05.0: BAR 4: assigned [mem 0x80100000-0x8010ffff]\r\n[    0.082793] pci 0000:00:04.0: BAR 0: assigned [mem 0x80110000-0x80113fff]\r\n[    0.083143] pci 0000:00:05.0: BAR 0: assigned [mem 0x80114000-0x80117fff]\r\n[    0.083152] pci 0000:00:1f.0: BAR 0: assigned [mem 0x80118000-0x8011bfff]\r\n[    0.083401] pci 0000:00:01.0: BAR 0: assigned [mem 0x8011c000-0x8011cfff]\r\n[    0.083412] pci_bus 0000:00: resource 4 [mem 0x80000000-0xffffffff window]\r\n[    0.083414] pci_bus 0000:00: resource 5 [io  0x0000-0xffff window]\r\n[    0.083416] pci_bus 0000:00: resource 6 [mem 0x400000000000-0x407fffffffff window]\r\n[    0.083445] ACPI: PCI Interrupt Link [GSI0] (IRQs *35)\r\n[    0.083454] ACPI: PCI Interrupt Link [GSI1] (IRQs *36)\r\n[    0.083461] ACPI: PCI Interrupt Link [GSI2] (IRQs *37)\r\n[    0.083471] ACPI: PCI Interrupt Link [GSI3] (IRQs *38)\r\n[    0.083795] iommu: Default domain type: Translated \r\n[    0.083844] vgaarb: loaded\r\n[    0.083927] SCSI subsystem initialized\r\n[    0.083984] ACPI: bus type USB registered\r\n[    0.083999] usbcore: registered new interface driver usbfs\r\n[    0.084006] usbcore: registered new interface driver hub\r\n[    0.084012] usbcore: registered new device driver usb\r\n[    0.084079] EDAC MC: Ver: 3.0.0\r\n[    0.084193] Registered efivars operations\r\n[    0.084401] NetLabel: Initializing\r\n[    0.084403] NetLabel:  domain hash size = 128\r\n[    0.084404] NetLabel:  protocols = UNLABELED CIPSOv4 CALIPSO\r\n[    0.084416] NetLabel:  unlabeled traffic allowed by default\r\n[    0.084488] clocksource: Switched to clocksource arch_sys_counter\r\n[    0.107586] VFS: Disk quotas dquot_6.6.0\r\n[    0.107603] VFS: Dquot-cache hash table entries: 512 (order 0, 4096 bytes)\r\n[    0.107678] pnp: PnP ACPI init\r\n[    0.107782] system 00:00: [mem 0x20000000-0x2fffffff] could not be reserved\r\n[    0.107794] pnp: PnP ACPI: found 1 devices\r\n[    0.109179] NET: Registered protocol family 2\r\n[    0.109223] IP idents hash table entries: 131072 (order: 8, 1048576 bytes, linear)\r\n[    0.110165] tcp_listen_portaddr_hash hash table entries: 4096 (order: 4, 65536 bytes, linear)\r\n[    0.110209] TCP established hash table entries: 65536 (order: 7, 524288 bytes, linear)\r\n[    0.110373] TCP bind hash table entries: 65536 (order: 8, 1048576 bytes, linear)\r\n[    0.110695] TCP: Hash tables configured (established 65536 bind 65536)\r\n[    0.110729] MPTCP token hash table entries: 8192 (order: 5, 196608 bytes, linear)\r\n[    0.110756] UDP hash table entries: 4096 (order: 5, 131072 bytes, linear)\r\n[    0.110816] UDP-Lite hash table entries: 4096 (order: 5, 131072 bytes, linear)\r\n[    0.110961] NET: Registered protocol family 1\r\n[    0.110967] NET: Registered protocol family 44\r\n[    0.111027] PCI: CLS 0 bytes, default 64\r\n[    0.111302] hw perfevents: enabled with armv8_pmuv3_0 PMU driver, 4 counters available\r\n[    0.111308] kvm [1]: HYP mode not available\r\n[    0.117080] Initialise system trusted keyrings\r\n[    0.117130] workingset: timestamp_bits=44 max_order=21 bucket_order=0\r\n[    0.118083] zbud: loaded\r\n[    0.118359] SGI XFS with ACLs, security attributes, quota, no debug enabled\r\n[    0.118723] NET: Registered protocol family 38\r\n[    0.118727] Key type asymmetric registered\r\n[    0.118729] Asymmetric key parser 'x509' registered\r\n[    0.118736] Block layer SCSI generic (bsg) driver version 0.4 loaded (major 250)\r\n[    0.118772] io scheduler mq-deadline registered\r\n[    0.118774] io scheduler kyber registered\r\n[    0.118797] io scheduler bfq registered\r\n[    0.119032] pl061_gpio ARMH0061:00: PL061 GPIO chip registered\r\n[    0.119080] shpchp: Standard Hot Plug PCI Controller Driver version: 0.4\r\n[    0.120724] input: Power Button as /devices/LNXSYSTM:00/LNXSYBUS:00/PNP0C0C:00/input/input0\r\n[    0.120743] ACPI: Power Button [PWRB]\r\n[    0.120885] Serial: 8250/16550 driver, 4 ports, IRQ sharing enabled\r\n[    0.121192] PCI Interrupt Link [GSI2] enabled at IRQ 37\r\n[    0.121214] serial 0000:00:01.0: enabling device (0010 -> 0012)\r\n[    0.121366] printk: console [ttyS0] disabled\r\n[    0.121520] 0000:00:01.0: ttyS0 at MMIO 0x8011c000 (irq = 14, base_baud = 115200) is a 16550A\r\n[    0.377711] printk: console [ttyS0] enabled\r\n[    0.378751] rdac: device handler registered\r\n[    0.379405] hp_sw: device handler registered\r\n[    0.379989] emc: device handler registered\r\n[    0.380662] alua: device handler registered\r\n[    0.381289] Microsemi PQI Driver (v1.2.16-010)\r\n[    0.381950] megasas: 07.714.04.00-rc1\r\n[    0.382770] PCI Interrupt Link [GSI0] enabled at IRQ 35\r\n[    0.383612] nvme nvme0: pci function 0000:00:04.0\r\n[    0.384433] PCI Interrupt Link [GSI3] enabled at IRQ 38\r\n[    0.385356] nvme nvme1: pci function 0000:00:1f.0\r\n[    0.386184] ehci_hcd: USB 2.0 'Enhanced' Host Controller (EHCI) Driver\r\n[    0.387180] ehci-pci: EHCI PCI platform driver\r\n[    0.387844] ohci_hcd: USB 1.1 'Open' Host Controller (OHCI) Driver\r\n[    0.388809] ohci-pci: OHCI PCI platform driver\r\n[    0.389525] uhci_hcd: USB Universal Host Controller Interface driver\r\n[    0.390494] usbcore: registered new interface driver usbserial_generic\r\n[    0.391345] nvme nvme0: 2/0/0 default/read/poll queues\r\n[    0.391689] usbserial: USB Serial support registered for generic\r\n[    0.393575] mousedev: PS/2 mouse device common for all mice\r\n[    0.394480] nvme nvme1: 2/0/0 default/read/poll queues\r\n[    0.394485]  nvme0n1: p1 p2 p3 p4 p5 p6 p7 p8 p9 p10 p11 p12\r\n[    0.394538] rtc-efi rtc-efi.0: registered as rtc0\r\n[    0.395285] rtc-efi rtc-efi.0: setting system clock to 2022-07-21T15:07:13 UTC (1658416033)\r\n[    0.398081] GPT:Primary header thinks Alt. header is not at the end of the disk.\r\n[    0.398083] i2c /dev entries driver\r\n[    0.399155] GPT:2097151 != 41943039\r\n[    0.399156] GPT:Alternate GPT header not at the end of the disk.\r\n[    0.399684] IR NEC protocol handler initialized\r\n[    0.400197] GPT:2097151 != 41943039\r\n[    0.400198] GPT: Use GNU Parted to correct GPT errors.\r\n[    0.401165] IR RC5(x/sz) protocol handler initialized\r\n[    0.401833]  nvme1n1: p1\r\n[    0.402337] IR RC6 protocol handler initialized\r\n[    0.404905] IR JVC protocol handler initialized\r\n[    0.405577] IR Sony protocol handler initialized\r\n[    0.406253] IR SANYO protocol handler initialized\r\n[    0.406906] IR Sharp protocol handler initialized\r\n[    0.407590] IR MCE Keyboard/mouse protocol handler initialized\r\n[    0.408429] IR XMP protocol handler initialized\r\n[    0.409276] device-mapper: uevent: version 1.0.3\r\n[    0.410007] device-mapper: ioctl: 4.43.0-ioctl (2020-10-01) initialised: dm-devel@redhat.com\r\n[    0.411272] hid: raw HID events driver (C) Jiri Kosina\r\n[    0.412082] usbcore: registered new interface driver usbhid\r\n[    0.412935] usbhid: USB HID core driver\r\n[    0.413514] drop_monitor: Initializing network drop monitor service\r\n[    0.414444] Initializing XFRM netlink socket\r\n[    0.415159] NET: Registered protocol family 10\r\n[    0.415981] Segment Routing with IPv6\r\n[    0.416551] NET: Registered protocol family 17\r\n[    0.417285] registered taskstats version 1\r\n[    0.417874] Loading compiled-in X.509 certificates\r\n[    0.418799] alg: No test for pkcs1pad(rsa,sha1) (pkcs1pad(rsa-generic,sha1))\r\n[    0.420443] Loaded X.509 cert 'Build time autogenerated kernel key: 64bcde9c6014a4f1a3597a32a97254d393208b4b'\r\n[    0.422131] zswap: loaded using pool lzo/zbud\r\n[    0.423046] device-mapper: init: waiting for all devices to be available before creating mapped devices\r\n[    0.424591] device-mapper: verity: sha256 using implementation \"sha256-generic\"\r\n[    0.425759] device-mapper: ioctl: dm-0 (root) is ready\r\n[    0.426907] md: Skipping autodetection of RAID arrays. (raid=autodetect will force)\r\n[    0.511585] EXT4-fs (dm-0): mounted filesystem without journal. Opts: (null)\r\n[    0.512624] VFS: Mounted root (ext4 filesystem) readonly on device 252:0.\r\n[    0.765734] devtmpfs: mounted\r\n[    0.767478] Freeing unused kernel memory: 4800K\r\n[    0.768176] Run /sbin/init as init process\r\n[    3.521859] SELinux:  policy capability network_peer_controls=1\r\n[    3.522778] SELinux:  policy capability open_perms=1\r\n[    3.523509] SELinux:  policy capability extended_socket_class=1\r\n[    3.524357] SELinux:  policy capability always_check_network=0\r\n[    3.525275] SELinux:  policy capability cgroup_seclabel=1\r\n[    3.526051] SELinux:  policy capability nnp_nosuid_transition=1\r\n[    3.526928] SELinux:  policy capability genfs_seclabel_symlinks=1\r\n[    3.527794] SELinux:  policy capability ioctl_skip_cloexec=0\r\n[    3.572522] audit: type=1403 audit(1658416036.675:2): auid=4294967295 ses=4294967295 lsm=selinux res=1\r\n[    3.574076] systemd[1]: Successfully loaded SELinux policy in 234.550ms.\r\n[    3.718703] systemd[1]: Relabelled /dev, /dev/shm, /run, /sys/fs/cgroup in 602us.\r\n[    3.721785] systemd[1]: systemd 250 running in system mode (-PAM -AUDIT +SELINUX -APPARMOR -IMA -SMACK +SECCOMP -GCRYPT -GNUTLS -OPENSSL +ACL +BLKID -CURL -ELFUTILS -FIDO2 -IDN2 -IDN -IPTC +KMOD -LIBCRYPTSETUP +LIBFDISK -PCRE2 -PWQUALITY -P11KIT -QRENCODE -BZIP2 -LZ4 -XZ -ZLIB -ZSTD -BPF_FRAMEWORK -XKBCOMMON -UTMP -SYSVINIT default-hierarchy=hybrid)\r\n[    3.726426] systemd[1]: Detected virtualization amazon.\r\n[    3.727179] systemd[1]: Detected architecture arm64.\r\n[    3.727917] systemd[1]: Detected first boot.\r\n\r\nWelcome to Bottlerocket OS 1.8.0 (aws-k8s-1.21)!\r\n\r\n[    3.754607] systemd[1]: No hostname configured, using default hostname.\r\n[    3.755632] systemd[1]: Hostname set to <localhost>.\r\n[    3.757390] systemd[1]: Initializing machine ID from VM UUID.\r\n[    3.920319] systemd[1]: Populated /etc with preset unit settings.\r\n[    3.952414] systemd[1]: Queued start job for default target Bottlerocket initial configuration complete.\r\n[    3.954771] random: systemd: uninitialized urandom read (16 bytes read)\r\n[    3.962944] systemd[1]: Created slice Slice /system/modprobe.\r\n[  OK  ] Created slice Slice /system/modprobe.\r\n[    3.965113] random: systemd: uninitialized urandom read (16 bytes read)\r\n[    3.966142] systemd[1]: Reached target Path Units.\r\n[  OK  ] Reached target Path Units.\r\n[    3.967783] random: systemd: uninitialized urandom read (16 bytes read)\r\n[    3.968784] systemd[1]: Reached target Slice Units.\r\n[  OK  ] Reached target Slice Units.\r\n[    3.970445] systemd[1]: Reached target Swaps.\r\n[  OK  ] Reached target Swaps.\r\n[    3.972162] systemd[1]: Listening on Journal Audit Socket.\r\n[  OK  ] Listening on Journal Audit Socket.\r\n[    3.974269] systemd[1]: Listening on Journal Socket (/dev/log).\r\n[  OK  ] Listening on Journal Socket (/dev/log).\r\n[    3.976466] systemd[1]: Listening on Journal Socket.\r\n[  OK  ] Listening on Journal Socket.\r\n[    3.978435] systemd[1]: Listening on udev Control Socket.\r\n[  OK  ] Listening on udev Control Socket.\r\n[    3.980381] systemd[1]: Listening on udev Kernel Socket.\r\n[  OK  ] Listening on udev Kernel Socket.\r\n[    3.983059] systemd[1]: Mounting Huge Pages File System...\r\n         Mounting Huge Pages File System...\r\n[    3.985729] systemd[1]: Mounting POSIX Message Queue File System...\r\n         Mounting POSIX Message Queue File System...\r\n[    3.988827] systemd[1]: Mounting CNI Configuration Directory (/etc/cni)...\r\n         Mounting CNI Configuration Directory (/etc/cni)...\r\n[    3.992024] systemd[1]: Mounting Kernel Debug File System...\r\n         Mounting Kernel Debug File System...\r\n[    3.994729] systemd[1]: Mounting Kernel Trace File System...\r\n         Mounting Kernel Trace File System...\r\n[    3.997899] systemd[1]: Mounting Temporary Directory /tmp...\r\n         Mounting Temporary Directory /tmp...\r\n[    4.000662] systemd[1]: Starting Load audit rules...\r\n         Starting Load audit rules...\r\n[    4.003161] systemd[1]: Starting Create List of Static Device Nodes...\r\n         Starting Create List of Static Device Nodes...\r\n[    4.006312] systemd[1]: Starting Load Kernel Module configfs...\r\n         Starting Load Kernel Module configfs...\r\n[    4.009135] systemd[1]: Starting Load Kernel Module fuse...\r\n         Starting Load Kernel Module fuse...\r\n[    4.012036] systemd[1]: Starting Copy SELinux policy files...\r\n         Starting Copy SELinux policy files...\r\n[    4.015274] systemd[1]: Starting Journal Service...\r\n         Starting Journal Service...\r\n[    4.018026] systemd[1]: Starting Load Kernel Modules...\r\n         Starting Load Kernel Modules...\r\n[    4.020593] systemd[1]: Starting Generate network units from Kernel command line...\r\n         Starting Generate network units from Kernel command line...\r\n[    4.024126] systemd[1]: Starting Remount Root and Kernel File Systems...\r\n         Starting Remount Root and Kernel File Systems...\r\n[    4.027309] systemd[1]: Starting Coldplug All udev Devices...\r\n         Starting Coldplug All udev Devices...\r\n[    4.030198] systemd[1]: Finished Load audit rules.\r\n[  OK  ] Finished Load audit rules.\r\n[    4.032075] systemd[1]: Finished Create List of Static Device Nodes.\r\n[  OK  ] Finished Create List of Static Device Nodes.\r\n[    4.034561] systemd[1]: modprobe@configfs.service: Deactivated successfully.\r\n[    4.035795] systemd[1]: Finished Load Kernel Module configfs.\r\n[  OK  ] Finished Load Kernel Module configfs.\r\n[    4.038094] systemd[1]: Finished Generate network units from Kernel command line.\r\n[  OK  ] Finished Generate network units from Kernel command line.\r\n[    4.040912] systemd[1]: Started Journal Service.\r\n[  OK  ] Started Journal Service.\r\n[  OK  ] Finished Remount Root and Kernel File Systems.\r\n         Mounting Kernel Configuration File System...\r\n         Starting Create System Users...\r\n[  OK  ] Finished Create System Users.\r\n         Starting Create Static Device Nodes in /dev...\r\n[  OK  ] Finished Create Static Device Nodes in /dev.\r\n[  OK  ] Reached target Preparation for Local File Systems.\r\n         Mounting License files...\r\n         Starting Rule-based Manager for Device Events and Files...\r\n[  OK  ] Mounted Huge Pages File System.\r\n[  OK  ] Mounted POSIX Message Queue File System.\r\n[  OK  ] Mounted CNI Configuration Directory (/etc/cni).\r\n[  OK  ] Mounted Kernel Debug File System.\r\n[  OK  ] Mounted Kernel Trace File System.\r\n[  OK  ] Mounted Temporary Directory /tmp.\r\n[  OK  ] Mounted Kernel Configuration File System.\r\n[    4.174128] fuse: init (API version 7.32)\r\n[  OK  ] Finished Load Kernel Module fuse.\r\n[  OK  ] Started Rule-based Manager for Device Events and Files.\r\n         Starting Load Kernel Module fuse...\r\n[  OK  ] Finished Load Kernel Module fuse.\r\n[  OK  ] Finished Coldplug All udev Devices.\r\n[    4.289946] loop: module loaded\r\n[    4.292347] PCI Interrupt Link [GSI1] enabled at IRQ 36\r\n[    4.293241] ena 0000:00:05.0: Elastic Network Adapter (ENA) v2.7.1g\r\n[    4.294178] ena 0000:00:05.0: enabling device (0010 -> 0012)\r\n[    4.304505] ena 0000:00:05.0: ENA device version: 0.10\r\n[    4.305309] ena 0000:00:05.0: ENA controller version: 0.0.1 implementation version 1\r\n[  OK  ] Finished Load Kernel Modules.\r\n         Startin[    4.387336] ena 0000:00:05.0: Elastic Network Adapter (ENA) found at mem 80114000, mac addr 06:20:bf:79:58:0b\r\ng Apply Kernel Variables...\r\n[  OK  ] Finished Apply Kernel Variables.\r\n[  OK  ] Finished Copy SELinux policy files.\r\n[    4.510026] squashfs: version 4.0 (2009/01/31) Phillip Lougher\r\n[  OK  ] Found device Amazon Elastic Block Store BOTTLEROCKET-DATA.\r\n[  OK  ] Found device Amazon Elastic Block Store BOTTLEROCKET-PRIVATE.\r\n[  OK  ] Mounted License files.\r\n         Mounting Containerd Configuration Directory (/etc/containerd)...\r\n         Mounting Host containers Configurat…irectory (/etc/host-containers)...\r\n         Mounting Local Directory (/local)...\r\n         Mounting FUSE Control File System...\r\n[  OK  ] Mounted Containerd Configuration Directory (/etc/contai[    5.041248] EXT4-fs (nvme1n1p1): mounted filesystem with ordered data mode. Opts: (null)\r\nnerd).\r\n[  OK  ] Mounted Host containers Configurati… Directory (/etc/host-containers).\r\n[  OK  ] Mounted Local Directory (/local).\r\n[  OK  ] Mounted FUSE Control File System.\r\n         Mounting Mnt Directory (/mnt)...\r\n         Mounting Opt Directory (/opt)...\r\n         Mounting Var Directory (/var)...\r\n         Starting Resize Data Partition...\r\n[  OK  ] Mounted Mnt Directory (/mnt).\r\n[  OK  ] Mounted Opt Directory (/opt).\r\n[  OK  ] Mounted Var Directory (/var).\r\n         Starting Mask Local Mnt Directory (/local/mnt)...\r\n         Starting Mask Local Opt Directory (/local/opt)...\r\n         Starting Mask Local Var Directory (/local/var)...\r\n         Starting Prepare Opt Directory (/opt)...\r\n         Starting Prepare Containerd Directory (/var/lib/containerd)...\r\n         Starting Prepare Kubelet Directory (/var/lib/kubelet)...\r\n         Starting Prepare Var Directory (/var)...\r\n         Starting Flush Journal to Persistent Storage...\r\n         Starting Load/Save Random Seed...\r\n[  OK  ] Finished Mask Local Mnt Directory (/local/mnt).\r\n[  OK  ] Finished Mask Local Opt Directory (/local/opt).\r\n[  OK  ] Finished Mask Local Var Directory (/local/var).\r\n[    5.090485] systemd-journald[271]: Received client request to flush runtime journal.\r\n[  OK  ] Finished Prepare Opt Directory (/opt).\r\n[  OK  ] Finished Prepare Containerd Directory (/var/lib/containerd).\r\n[  OK  ] Finished Prepare Kubelet Directory (/var/lib/kubelet).\r\n[  OK  ] Finished Flush Journal to Persistent Storage.\r\n[    5.239541] EXT4-fs (nvme1n1p1): resizing filesystem from 261632 to 5242368 blocks\r\n[  OK  ] Finished Prepare Var Directory (/var).\r\n[    5.340680] EXT4-fs (nvme1n1p1): resized filesystem to 5242368\r\n[  OK  ] Finished Resize Data Partition.\r\n         Mounting Kernel Modules (Read-Write)...\r\n         Mounting CNI Plugin Directory (/opt/cni/bin)...\r\n         Mounting Private Directory (/var/lib/bottlerocket)...\r\n         Mounting Kernel Development Sources (Read-Only)...\r\n[    6.042356] EXT4-fs (nvme0n1p12): mounted filesystem with ordered data mode. Opts: \r\n[  OK  ] Mounted Private Directory (/var/lib/bottlerocket).\r\n[  OK  ] Mounted Kernel Development Sources (Read-Only).\r\n         Mounting Kernel Development Sources (Read-Write)...\r\n[  OK  ] Mounted Kernel Modules (Read-Write).\r\n[  OK  ] Mounted Kernel Development Sources (Read-Write).\r\n[  OK  ] Mounted CNI Plugin Directory (/opt/cni/bin).\r\n[  OK  ] Reached target Local File Systems.\r\n         Starting Create Volatile Files and Directories...\r\n[  OK  ] Finished Create Volatile Files and Directories.\r\n         Starting Rebuild Dynamic Linker Cache...\r\n         Starting Rebuild Journal Catalog...\r\n[  OK  ] Finished Rebuild Journal Catalog.\r\n[  OK  ] Finished Rebuild Dynamic Linker Cache.\r\n         Starting Update is Completed...\r\n[  OK  ] Finished Update is Completed.\r\n[  OK  ] Reached target System Initialization.\r\n[  OK  ] Started Scheduled Metricdog Pings.\r\n[  OK  ] Started Daily Cleanup of Temporary Directories.\r\n[  OK  ] Reached target Timer Units.\r\n[  OK  ] Listening on D-Bus System Message Bus Socket.\r\n[  OK  ] Reached target Socket Units.\r\n         Starting D-Bus System Message Bus...\r\n[  OK  ] Started D-Bus System Message Bus.\r\n[  OK  ] Reached target Basic System.\r\n         Starting ACPI event daemon...\r\n         Starting Generate network configuration...\r\n         Starting Call signpost to mark the …r all required targets are met....\r\n         Starting Bottlerocket data store migrator...\r\n         Starting Prepare Boot Directory (/boot)...\r\n[  OK  ] Started ACPI event daemon.\r\n[  OK  ] Finished Generate network configuration.\r\n         Starting Prepare primary interface...\r\n[  OK  ] Finished Prepare primary interface.\r\n[  OK  ] Reached target Preparation for Network.\r\n         Starting wicked DHCPv4 supplicant service...\r\n         Starting wicked DHCPv6 supplicant service...\r\n[    7.045676] EXT4-fs (nvme0n1p3): mounted filesystem without journal. Opts: (null)\r\n[  OK  ] Finished Call signpost to mark the …ter all required targets are met..\r\n[  OK  ] Finished Prepare Boot Directory (/boot).\r\n         Starting Disable kexec load syscalls...\r\n[  OK  ] Finished Disable kexec load syscalls.\r\n[    7.117560] migrator[379]: Data store does not exist at given path, exiting (/var/lib/bottlerocket/datastore/current)\r\n[  OK  ] Finished Bottlerocket data store migrator.\r\n         Starting Datastore creator...\r\n[  OK  ] Started wicked DHCPv4 supplicant service.\r\n[  OK  ] Started wicked DHCPv6 supplicant service.\r\n         Starting wicked network management service daemon...\r\n[  OK  ] Started wicked network management service daemon.\r\n         Starting wicked network nanny service...\r\n[  OK  ] Started wicked network nanny service.\r\n         Starting wicked managed network interfaces...\r\n[    7.223665] ena 0000:00:05.0 eth0: Local page cache is disabled for less than 16 channels\r\n[    7.404504] random: crng init done\r\n[    7.405056] random: 7 urandom warning(s) missed due to ratelimiting\r\n[  OK  ] Finished Datastore creator.\r\n         Starting Bottlerocket API server...\r\n[  OK  ] Finished Load/Save Random Seed.\r\n[  OK  ] Reached target First Boot Complete.\r\n         Starting Commit a transient machine-id on disk...\r\n[  OK  ] Finished Commit a transient machine-id on disk.\r\n[  OK  ] Started Bottlerocket API server.\r\n[  OK  ] Finished wicked managed network interfaces.\r\n[  OK  ] Reached target Network.\r\n[  OK  ] Reached target Network is Online.\r\n         Starting Bottlerocket userdata configuration system...\r\n[  OK  ] Finished Bottlerocket userdata configuration system.\r\n         Starting User-specified setting generators...\r\n[  OK  ] Finished User-specified setting generators.\r\n         Starting Applies settings to create config files...\r\n[   10.363686] thar-be-settings[475]: Failure to read template 'ascwp-toml' from '/usr/share/templates/ascwp-toml': Template \"ascwp-toml\": No such file or directory (os error 2)\r\n[FAILED] Failed to start Applies settings to create config files.\r\nSee 'systemctl status settings-applier.service' for details.\r\n[DEPEND] Dependency failed for Bottlerocket initial configuration complete.\r\n[DEPEND] Dependency failed for Isolates configured.target.\r\n[DEPEND] Dependency failed for Sets the hostname.\r\n[DEPEND] Dependency failed for Send signal to CloudFormation Stack.\r\n",
    "Timestamp": "2022-07-21T15:13:35+00:00"
}
{
    "InstanceId": "i-0118e09cb11d73699",
